2026-10-07T05:55:42Z INF Thank you for trying Cloudflare Tunnel. Doing so, without a Cloudflare account, is a quick way to experiment and try it out. However, be aware that these account-less Tunnels have no uptime guarantee, are subject to the Cloudflare Online Services Terms of Use (https://www.cloudflare.com/website-terms/), and Cloudflare reserves the right to investigate your use of Tunnels for violations of such terms. If you intend to use Tunnels in production you should use a pre-created named tunnel by following: https://developers.cloudflare.com/cloudflare-one/connections/connect-apps
2026-10-07T05:55:42Z INF Requesting new quick Tunnel on trycloudflare.com...
2026-10-07T05:55:47Z INF +--------------------------------------------------------------------------------------------+
2026-10-07T05:55:47Z INF |  Your quick Tunnel has been created! Visit it at (it may take some time to be reachable):  |
2026-10-07T05:55:47Z INF |  https://propecia-previews-friends-northeast.trycloudflare.com                             |
2026-10-07T05:55:47Z INF +--------------------------------------------------------------------------------------------+
2026-10-07T05:55:47Z INF Cannot determine default configuration path. No file [config.yml config.yaml] in [~/.cloudflared ~/.cloudflare-warp ~/cloudflare-warp]
2026-10-07T05:55:47Z INF Version 2026.9.3 (Checksum f096265ec2fcbe9bb6e2d64268db167ced3fcbb83d894bdb9e2fcdb26f2ea7e2)
2026-10-07T05:55:47Z INF GOOS: windows, GOVersion: go1.26.8, GoArch: amd64
2026-10-07T05:55:47Z INF Settings: map[ha-connections:1 protocol:quic url:http://localhost:8000]
2026-10-07T05:55:47Z INF cloudflared will not automatically update on Windows systems.
2026-10-07T05:55:47Z INF Generated Connector ID: 1c42f4f5-3f70-4dac-b30f-95190036ceb4
2026-10-07T05:55:47Z INF Initial protocol quic
2026-10-07T05:55:47Z INF ICMP proxy will use 10.100.102.86 as source for IPv4
2026-10-07T05:55:47Z INF ICMP proxy will use fe80::ff0f:95aa:7d0f:1607 in zone Ethernet as source for IPv6
2026-10-07T05:55:47Z INF cloudflared does not support loading the system root certificate pool on Windows. Please use --origin-ca-pool <PATH> to specify the path to the certificate pool
2026-10-07T05:55:47Z INF ICMP proxy will use 10.100.102.86 as source for IPv4
2026-10-07T05:55:47Z INF Tunnel connection curve preferences: [X25519MLKEM768 CurveID(65074) CurveP256] connIndex=0 event=0 ip=198.41.200.233
2026-10-07T05:55:47Z INF ICMP proxy will use fe80::ff0f:95aa:7d0f:1607 in zone Ethernet as source for IPv6
2026-10-07T05:55:47Z INF Starting metrics server on 127.0.0.1:20241/metrics
2026-10-07T05:55:47Z INF +-------------------------------------------------------------------------------------+
2026-10-07T05:55:47Z INF |                               CONNECTIVITY PRE-CHECKS                               |
2026-10-07T05:55:47Z INF +-------------------------------------------------------------------------------------+
2026-10-07T05:55:47Z INF |  COMPONENT         TARGET                     STATUS  DETAILS                       |
2026-10-07T05:55:47Z INF |  DNS Resolution    region1.v2.argotunnel.com  PASS    DNS Resolved successfully     |
2026-10-07T05:55:47Z INF |  DNS Resolution    region2.v2.argotunnel.com  PASS    DNS Resolved successfully     |
2026-10-07T05:55:47Z INF |  UDP Connectivity  region1.v2.argotunnel.com  PASS    QUIC connection successful    |
2026-10-07T05:55:47Z INF |  UDP Connectivity  region2.v2.argotunnel.com  PASS    QUIC connection successful    |
2026-10-07T05:55:47Z INF |  TCP Connectivity  region1.v2.argotunnel.com  PASS    HTTP/2 connection successful  |
2026-10-07T05:55:47Z INF |  TCP Connectivity  region2.v2.argotunnel.com  PASS    HTTP/2 connection successful  |
2026-10-07T05:55:47Z INF |  Cloudflare API    api.cloudflare.com:443     PASS    API is reachable              |
2026-10-07T05:55:47Z INF |                                                                                     |
2026-10-07T05:55:47Z INF |  SUMMARY: Environment is healthy. cloudflared will use 'quic' as primary protocol.  |
2026-10-07T05:55:47Z INF +-------------------------------------------------------------------------------------+
2026-10-07T05:55:47Z INF precheck component="DNS Resolution" details="DNS Resolved successfully" run_id=9dfc0bf8-f1d0-43c4-8430-03f9c4b19275 status=pass target=region1.v2.argotunnel.com
2026-10-07T05:55:47Z INF precheck component="DNS Resolution" details="DNS Resolved successfully" run_id=9dfc0bf8-f1d0-43c4-8430-03f9c4b19275 status=pass target=region2.v2.argotunnel.com
2026-10-07T05:55:47Z INF precheck component="UDP Connectivity" details="QUIC connection successful" run_id=9dfc0bf8-f1d0-43c4-8430-03f9c4b19275 status=pass target=region1.v2.argotunnel.com
2026-10-07T05:55:47Z INF precheck component="UDP Connectivity" details="QUIC connection successful" run_id=9dfc0bf8-f1d0-43c4-8430-03f9c4b19275 status=pass target=region2.v2.argotunnel.com
2026-10-07T05:55:47Z INF precheck component="TCP Connectivity" details="HTTP/2 connection successful" run_id=9dfc0bf8-f1d0-43c4-8430-03f9c4b19275 status=pass target=region1.v2.argotunnel.com
2026-10-07T05:55:47Z INF precheck component="TCP Connectivity" details="HTTP/2 connection successful" run_id=9dfc0bf8-f1d0-43c4-8430-03f9c4b19275 status=pass target=region2.v2.argotunnel.com
2026-10-07T05:55:47Z INF precheck component="Cloudflare API" details="API is reachable" run_id=9dfc0bf8-f1d0-43c4-8430-03f9c4b19275 status=pass target=api.cloudflare.com:443
2026-10-07T05:55:47Z INF precheck complete hard_fail=false run_id=9dfc0bf8-f1d0-43c4-8430-03f9c4b19275 suggested_protocol=quic
2026-10-07T05:55:48Z INF Registered tunnel connection connIndex=0 connection=905e4ef1-b795-4081-87cd-16e32716fd20 event=0 ip=198.41.200.233 location=fra07 protocol=quic
